// Jest Snapshot v1, https://goo.gl/fbAQLP

exports[`generateSelfCertificate Should match to the snapshot 1`] = `
Object {
  "cert": Any<String>,
  "fingerprint": Any<String>,
  "private": Any<String>,
  "public": Any<String>,
}
`;
