// Jest Snapshot v1, https://goo.gl/fbAQLP

exports[`hashFile Should match to the snapshot 1`] = `"ad2fde891e0ae2f1aa2462e1fd1b5d88"`;
